H1L1V1-INFERENCE_170817-0-0.hdf /home/poseidon/workflows/pycbc/interference/pycbc/gw_output/samples_files/H1L1V1-INFERENCE_170817-0-0.hdf pool="local"
H1L1V1-EXTRACT_POSTERIOR_170817-0-0.hdf /home/poseidon/workflows/pycbc/interference/pycbc/gw_output/posterior_files/H1L1V1-EXTRACT_POSTERIOR_170817-0-0.hdf pool="local"
H1L1V1-TABLE_SUMMARY_170817-0-0.html /home/poseidon/workflows/pycbc/interference/pycbc/gw_output/results/H1L1V1-TABLE_SUMMARY_170817-0-0.html pool="local"
H1L1V1-PLOT_POSTERIOR_SUMMARY_170817_INC_DISTANCE-0-0.png /home/poseidon/workflows/pycbc/interference/pycbc/gw_output/results/H1L1V1-PLOT_POSTERIOR_SUMMARY_170817_INC_DISTANCE-0-0.png pool="local"
H1L1V1-PLOT_POSTERIOR_170817_EXTRINSIC-0-0.png /home/poseidon/workflows/pycbc/interference/pycbc/gw_output/results/3._posteriors/3.01_170817/H1L1V1-PLOT_POSTERIOR_170817_EXTRINSIC-0-0.png pool="local"
H1L1V1-PLOT_PRIOR_170817-0-0.png /home/poseidon/workflows/pycbc/interference/pycbc/gw_output/results/2._priors/2.01_170817/H1L1V1-PLOT_PRIOR_170817-0-0.png pool="local"
H1L1V1-PLOT_SPECTRUM_170817-0-0.png /home/poseidon/workflows/pycbc/interference/pycbc/gw_output/results/1._detector_sensitivity/H1L1V1-PLOT_SPECTRUM_170817-0-0.png pool="local"
